2026-01-17 06:56:10,062 INFO com.ecommerce.gateway.ApiGatewayApplication [main] Starting ApiGatewayApplication using Java 21.0.7 with PID 30020 (C:\dev\order-processing-platform\api-gateway\build\classes\java\main started by Kukyo in C:\dev\order-processing-platform\api-gateway)
2026-01-17 06:56:10,063 DEBUG com.ecommerce.gateway.ApiGatewayApplication [main] Running with Spring Boot v3.2.1, Spring v6.1.2
2026-01-17 06:56:10,064 INFO com.ecommerce.gateway.ApiGatewayApplication [main] No active profile set, falling back to 1 default profile: "default"
2026-01-17 06:56:10,602 INFO org.springframework.data.repository.config.RepositoryConfigurationDelegate [main] Multiple Spring Data modules found, entering strict repository configuration mode
2026-01-17 06:56:10,606 INFO org.springframework.data.repository.config.RepositoryConfigurationDelegate [main] Bootstrapping Spring Data Redis repositories in DEFAULT mode.
2026-01-17 06:56:10,622 INFO org.springframework.data.repository.config.RepositoryConfigurationDelegate [main] Finished Spring Data repository scanning in 9 ms. Found 0 Redis repository interfaces.
2026-01-17 06:56:10,728 INFO org.springframework.cloud.context.scope.GenericScope [main] BeanFactory id=50ea1a55-41d5-3cb1-aafd-d593baf429b2
2026-01-17 06:56:10,898 INFO com.ecommerce.gateway.filter.JwtValidationGatewayFilterFactory [main] ✅ JWT конфигурация валидна (длина: 42)
2026-01-17 06:56:11,317 DEBUG org.springframework.cloud.gateway.config.GatewayProperties [main] Routes supplied from Gateway Properties: [RouteDefinition{id='auth-service', predicates=[PredicateDefinition{name='Path', args={_genkey_0=/auth/**}}], filters=[FilterDefinition{name='RequestRateLimiter', args={redis-rate-limiter.replenishRate=10, redis-rate-limiter.burstCapacity=20, key-resolver=#{@ipKeyResolver}, requestedTokens=1}}], uri=http://auth-service:8087, order=0, metadata={}}, RouteDefinition{id='user-service', predicates=[PredicateDefinition{name='Path', args={_genkey_0=/api/users/**}}], filters=[FilterDefinition{name='JwtValidation', args={}}, FilterDefinition{name='RequestRateLimiter', args={redis-rate-limiter.replenishRate=100, redis-rate-limiter.burstCapacity=200, key-resolver=#{@ipKeyResolver}}}], uri=http://user-service:8081, order=0, metadata={}}, RouteDefinition{id='product-service', predicates=[PredicateDefinition{name='Path', args={_genkey_0=/api/products/**}}], filters=[FilterDefinition{name='JwtValidation', args={}}, FilterDefinition{name='RequestRateLimiter', args={redis-rate-limiter.replenishRate=100, redis-rate-limiter.burstCapacity=200, key-resolver=#{@ipKeyResolver}}}], uri=http://product-service:8084, order=0, metadata={}}, RouteDefinition{id='order-service', predicates=[PredicateDefinition{name='Path', args={_genkey_0=/api/orders/**}}], filters=[FilterDefinition{name='JwtValidation', args={}}, FilterDefinition{name='RequestRateLimiter', args={redis-rate-limiter.replenishRate=50, redis-rate-limiter.burstCapacity=100, key-resolver=#{@userIdKeyResolver}}}], uri=http://order-service:8083, order=0, metadata={}}, RouteDefinition{id='inventory-service', predicates=[PredicateDefinition{name='Path', args={_genkey_0=/api/inventory/**}}], filters=[FilterDefinition{name='JwtValidation', args={}}, FilterDefinition{name='RequestRateLimiter', args={redis-rate-limiter.replenishRate=100, redis-rate-limiter.burstCapacity=200, key-resolver=#{@ipKeyResolver}}}], uri=http://inventory-service:8085, order=0, metadata={}}, RouteDefinition{id='notification-service', predicates=[PredicateDefinition{name='Path', args={_genkey_0=/api/notifications/**}}], filters=[FilterDefinition{name='JwtValidation', args={}}, FilterDefinition{name='RequestRateLimiter', args={redis-rate-limiter.replenishRate=50, redis-rate-limiter.burstCapacity=100, key-resolver=#{@ipKeyResolver}}}], uri=http://notification-service:8086, order=0, metadata={}}]
2026-01-17 06:56:11,441 INFO org.springframework.cloud.gateway.route.RouteDefinitionRouteLocator [main] Loaded RoutePredicateFactory [After]
2026-01-17 06:56:11,441 INFO org.springframework.cloud.gateway.route.RouteDefinitionRouteLocator [main] Loaded RoutePredicateFactory [Before]
2026-01-17 06:56:11,441 INFO org.springframework.cloud.gateway.route.RouteDefinitionRouteLocator [main] Loaded RoutePredicateFactory [Between]
2026-01-17 06:56:11,441 INFO org.springframework.cloud.gateway.route.RouteDefinitionRouteLocator [main] Loaded RoutePredicateFactory [Cookie]
2026-01-17 06:56:11,441 INFO org.springframework.cloud.gateway.route.RouteDefinitionRouteLocator [main] Loaded RoutePredicateFactory [Header]
2026-01-17 06:56:11,441 INFO org.springframework.cloud.gateway.route.RouteDefinitionRouteLocator [main] Loaded RoutePredicateFactory [Host]
2026-01-17 06:56:11,441 INFO org.springframework.cloud.gateway.route.RouteDefinitionRouteLocator [main] Loaded RoutePredicateFactory [Method]
2026-01-17 06:56:11,441 INFO org.springframework.cloud.gateway.route.RouteDefinitionRouteLocator [main] Loaded RoutePredicateFactory [Path]
2026-01-17 06:56:11,441 INFO org.springframework.cloud.gateway.route.RouteDefinitionRouteLocator [main] Loaded RoutePredicateFactory [Query]
2026-01-17 06:56:11,441 INFO org.springframework.cloud.gateway.route.RouteDefinitionRouteLocator [main] Loaded RoutePredicateFactory [ReadBody]
2026-01-17 06:56:11,441 INFO org.springframework.cloud.gateway.route.RouteDefinitionRouteLocator [main] Loaded RoutePredicateFactory [RemoteAddr]
2026-01-17 06:56:11,441 INFO org.springframework.cloud.gateway.route.RouteDefinitionRouteLocator [main] Loaded RoutePredicateFactory [XForwardedRemoteAddr]
2026-01-17 06:56:11,441 INFO org.springframework.cloud.gateway.route.RouteDefinitionRouteLocator [main] Loaded RoutePredicateFactory [Weight]
2026-01-17 06:56:11,441 INFO org.springframework.cloud.gateway.route.RouteDefinitionRouteLocator [main] Loaded RoutePredicateFactory [CloudFoundryRouteService]
2026-01-17 06:56:11,582 INFO org.springframework.boot.actuate.endpoint.web.EndpointLinksResolver [main] Exposing 3 endpoint(s) beneath base path '/actuator'
2026-01-17 06:56:13,875 WARN org.springframework.boot.web.reactive.context.AnnotationConfigReactiveWebServerApplicationContext [main] Exception encountered during context initialization - cancelling refresh attempt: org.springframework.context.ApplicationContextException: Failed to start bean 'webServerStartStop'
2026-01-17 06:56:13,898 INFO org.springframework.boot.autoconfigure.logging.ConditionEvaluationReportLogger [main] 

Error starting ApplicationContext. To display the condition evaluation report re-run your application with 'debug' enabled.
2026-01-17 06:56:13,912 ERROR org.springframework.boot.diagnostics.LoggingFailureAnalysisReporter [main] 

***************************
APPLICATION FAILED TO START
***************************

Description:

Web server failed to start. Port 8080 was already in use.

Action:

Identify and stop the process that's listening on port 8080 or configure this application to listen on another port.

2026-01-17 06:58:18,187 INFO com.ecommerce.gateway.ApiGatewayApplication [main] Starting ApiGatewayApplication using Java 21.0.7 with PID 12188 (C:\dev\order-processing-platform\api-gateway\build\classes\java\main started by Kukyo in C:\dev\order-processing-platform\api-gateway)
2026-01-17 06:58:18,188 DEBUG com.ecommerce.gateway.ApiGatewayApplication [main] Running with Spring Boot v3.2.1, Spring v6.1.2
2026-01-17 06:58:18,189 INFO com.ecommerce.gateway.ApiGatewayApplication [main] No active profile set, falling back to 1 default profile: "default"
2026-01-17 06:58:18,748 INFO org.springframework.data.repository.config.RepositoryConfigurationDelegate [main] Multiple Spring Data modules found, entering strict repository configuration mode
2026-01-17 06:58:18,750 INFO org.springframework.data.repository.config.RepositoryConfigurationDelegate [main] Bootstrapping Spring Data Redis repositories in DEFAULT mode.
2026-01-17 06:58:18,764 INFO org.springframework.data.repository.config.RepositoryConfigurationDelegate [main] Finished Spring Data repository scanning in 7 ms. Found 0 Redis repository interfaces.
2026-01-17 06:58:18,867 INFO org.springframework.cloud.context.scope.GenericScope [main] BeanFactory id=50ea1a55-41d5-3cb1-aafd-d593baf429b2
2026-01-17 06:58:19,032 INFO com.ecommerce.gateway.filter.JwtValidationGatewayFilterFactory [main] ✅ JWT конфигурация валидна (длина: 42)
2026-01-17 06:58:19,507 DEBUG org.springframework.cloud.gateway.config.GatewayProperties [main] Routes supplied from Gateway Properties: [RouteDefinition{id='auth-service', predicates=[PredicateDefinition{name='Path', args={_genkey_0=/auth/**}}], filters=[FilterDefinition{name='RequestRateLimiter', args={redis-rate-limiter.replenishRate=10, redis-rate-limiter.burstCapacity=20, key-resolver=#{@ipKeyResolver}, requestedTokens=1}}], uri=http://auth-service:8087, order=0, metadata={}}, RouteDefinition{id='user-service', predicates=[PredicateDefinition{name='Path', args={_genkey_0=/api/users/**}}], filters=[FilterDefinition{name='JwtValidation', args={}}, FilterDefinition{name='RequestRateLimiter', args={redis-rate-limiter.replenishRate=100, redis-rate-limiter.burstCapacity=200, key-resolver=#{@ipKeyResolver}}}], uri=http://user-service:8081, order=0, metadata={}}, RouteDefinition{id='product-service', predicates=[PredicateDefinition{name='Path', args={_genkey_0=/api/products/**}}], filters=[FilterDefinition{name='JwtValidation', args={}}, FilterDefinition{name='RequestRateLimiter', args={redis-rate-limiter.replenishRate=100, redis-rate-limiter.burstCapacity=200, key-resolver=#{@ipKeyResolver}}}], uri=http://product-service:8084, order=0, metadata={}}, RouteDefinition{id='order-service', predicates=[PredicateDefinition{name='Path', args={_genkey_0=/api/orders/**}}], filters=[FilterDefinition{name='JwtValidation', args={}}, FilterDefinition{name='RequestRateLimiter', args={redis-rate-limiter.replenishRate=50, redis-rate-limiter.burstCapacity=100, key-resolver=#{@userIdKeyResolver}}}], uri=http://order-service:8083, order=0, metadata={}}, RouteDefinition{id='inventory-service', predicates=[PredicateDefinition{name='Path', args={_genkey_0=/api/inventory/**}}], filters=[FilterDefinition{name='JwtValidation', args={}}, FilterDefinition{name='RequestRateLimiter', args={redis-rate-limiter.replenishRate=100, redis-rate-limiter.burstCapacity=200, key-resolver=#{@ipKeyResolver}}}], uri=http://inventory-service:8085, order=0, metadata={}}, RouteDefinition{id='notification-service', predicates=[PredicateDefinition{name='Path', args={_genkey_0=/api/notifications/**}}], filters=[FilterDefinition{name='JwtValidation', args={}}, FilterDefinition{name='RequestRateLimiter', args={redis-rate-limiter.replenishRate=50, redis-rate-limiter.burstCapacity=100, key-resolver=#{@ipKeyResolver}}}], uri=http://notification-service:8086, order=0, metadata={}}]
2026-01-17 06:58:19,627 INFO org.springframework.cloud.gateway.route.RouteDefinitionRouteLocator [main] Loaded RoutePredicateFactory [After]
2026-01-17 06:58:19,627 INFO org.springframework.cloud.gateway.route.RouteDefinitionRouteLocator [main] Loaded RoutePredicateFactory [Before]
2026-01-17 06:58:19,627 INFO org.springframework.cloud.gateway.route.RouteDefinitionRouteLocator [main] Loaded RoutePredicateFactory [Between]
2026-01-17 06:58:19,627 INFO org.springframework.cloud.gateway.route.RouteDefinitionRouteLocator [main] Loaded RoutePredicateFactory [Cookie]
2026-01-17 06:58:19,627 INFO org.springframework.cloud.gateway.route.RouteDefinitionRouteLocator [main] Loaded RoutePredicateFactory [Header]
2026-01-17 06:58:19,627 INFO org.springframework.cloud.gateway.route.RouteDefinitionRouteLocator [main] Loaded RoutePredicateFactory [Host]
2026-01-17 06:58:19,627 INFO org.springframework.cloud.gateway.route.RouteDefinitionRouteLocator [main] Loaded RoutePredicateFactory [Method]
2026-01-17 06:58:19,627 INFO org.springframework.cloud.gateway.route.RouteDefinitionRouteLocator [main] Loaded RoutePredicateFactory [Path]
2026-01-17 06:58:19,627 INFO org.springframework.cloud.gateway.route.RouteDefinitionRouteLocator [main] Loaded RoutePredicateFactory [Query]
2026-01-17 06:58:19,627 INFO org.springframework.cloud.gateway.route.RouteDefinitionRouteLocator [main] Loaded RoutePredicateFactory [ReadBody]
2026-01-17 06:58:19,627 INFO org.springframework.cloud.gateway.route.RouteDefinitionRouteLocator [main] Loaded RoutePredicateFactory [RemoteAddr]
2026-01-17 06:58:19,627 INFO org.springframework.cloud.gateway.route.RouteDefinitionRouteLocator [main] Loaded RoutePredicateFactory [XForwardedRemoteAddr]
2026-01-17 06:58:19,627 INFO org.springframework.cloud.gateway.route.RouteDefinitionRouteLocator [main] Loaded RoutePredicateFactory [Weight]
2026-01-17 06:58:19,627 INFO org.springframework.cloud.gateway.route.RouteDefinitionRouteLocator [main] Loaded RoutePredicateFactory [CloudFoundryRouteService]
2026-01-17 06:58:19,772 INFO org.springframework.boot.actuate.endpoint.web.EndpointLinksResolver [main] Exposing 3 endpoint(s) beneath base path '/actuator'
2026-01-17 06:58:19,993 INFO org.springframework.boot.web.embedded.netty.NettyWebServer [main] Netty started on port 8080
2026-01-17 06:58:20,012 DEBUG org.springframework.cloud.gateway.route.RouteDefinitionRouteLocator [main] RouteDefinition auth-service applying {_genkey_0=/auth/**} to Path
2026-01-17 06:58:20,020 DEBUG org.springframework.cloud.gateway.route.RouteDefinitionRouteLocator [main] RouteDefinition auth-service applying filter {redis-rate-limiter.replenishRate=100, redis-rate-limiter.burstCapacity=200, key-resolver=#{@ipKeyResolver}, requestedTokens=1} to RequestRateLimiter
2026-01-17 06:58:20,028 DEBUG org.springframework.cloud.gateway.route.RouteDefinitionRouteLocator [main] RouteDefinition auth-service applying filter {redis-rate-limiter.replenishRate=10, redis-rate-limiter.burstCapacity=20, key-resolver=#{@ipKeyResolver}, requestedTokens=1} to RequestRateLimiter
2026-01-17 06:58:20,031 DEBUG org.springframework.cloud.gateway.route.RouteDefinitionRouteLocator [main] RouteDefinition matched: auth-service
2026-01-17 06:58:20,031 DEBUG org.springframework.cloud.gateway.route.RouteDefinitionRouteLocator [main] RouteDefinition user-service applying {_genkey_0=/api/users/**} to Path
2026-01-17 06:58:20,032 DEBUG org.springframework.cloud.gateway.route.RouteDefinitionRouteLocator [main] RouteDefinition user-service applying filter {redis-rate-limiter.replenishRate=100, redis-rate-limiter.burstCapacity=200, key-resolver=#{@ipKeyResolver}, requestedTokens=1} to RequestRateLimiter
2026-01-17 06:58:20,032 DEBUG org.springframework.cloud.gateway.route.RouteDefinitionRouteLocator [main] RouteDefinition user-service applying filter {} to JwtValidation
2026-01-17 06:58:20,033 DEBUG org.springframework.cloud.gateway.route.RouteDefinitionRouteLocator [main] RouteDefinition user-service applying filter {redis-rate-limiter.replenishRate=100, redis-rate-limiter.burstCapacity=200, key-resolver=#{@ipKeyResolver}} to RequestRateLimiter
2026-01-17 06:58:20,034 DEBUG org.springframework.cloud.gateway.route.RouteDefinitionRouteLocator [main] RouteDefinition matched: user-service
2026-01-17 06:58:20,034 DEBUG org.springframework.cloud.gateway.route.RouteDefinitionRouteLocator [main] RouteDefinition product-service applying {_genkey_0=/api/products/**} to Path
2026-01-17 06:58:20,034 DEBUG org.springframework.cloud.gateway.route.RouteDefinitionRouteLocator [main] RouteDefinition product-service applying filter {redis-rate-limiter.replenishRate=100, redis-rate-limiter.burstCapacity=200, key-resolver=#{@ipKeyResolver}, requestedTokens=1} to RequestRateLimiter
2026-01-17 06:58:20,035 DEBUG org.springframework.cloud.gateway.route.RouteDefinitionRouteLocator [main] RouteDefinition product-service applying filter {} to JwtValidation
2026-01-17 06:58:20,036 DEBUG org.springframework.cloud.gateway.route.RouteDefinitionRouteLocator [main] RouteDefinition product-service applying filter {redis-rate-limiter.replenishRate=100, redis-rate-limiter.burstCapacity=200, key-resolver=#{@ipKeyResolver}} to RequestRateLimiter
2026-01-17 06:58:20,036 DEBUG org.springframework.cloud.gateway.route.RouteDefinitionRouteLocator [main] RouteDefinition matched: product-service
2026-01-17 06:58:20,037 DEBUG org.springframework.cloud.gateway.route.RouteDefinitionRouteLocator [main] RouteDefinition order-service applying {_genkey_0=/api/orders/**} to Path
2026-01-17 06:58:20,037 DEBUG org.springframework.cloud.gateway.route.RouteDefinitionRouteLocator [main] RouteDefinition order-service applying filter {redis-rate-limiter.replenishRate=100, redis-rate-limiter.burstCapacity=200, key-resolver=#{@ipKeyResolver}, requestedTokens=1} to RequestRateLimiter
2026-01-17 06:58:20,038 DEBUG org.springframework.cloud.gateway.route.RouteDefinitionRouteLocator [main] RouteDefinition order-service applying filter {} to JwtValidation
2026-01-17 06:58:20,038 DEBUG org.springframework.cloud.gateway.route.RouteDefinitionRouteLocator [main] RouteDefinition order-service applying filter {redis-rate-limiter.replenishRate=50, redis-rate-limiter.burstCapacity=100, key-resolver=#{@userIdKeyResolver}} to RequestRateLimiter
2026-01-17 06:58:20,040 DEBUG org.springframework.cloud.gateway.route.RouteDefinitionRouteLocator [main] RouteDefinition matched: order-service
2026-01-17 06:58:20,040 DEBUG org.springframework.cloud.gateway.route.RouteDefinitionRouteLocator [main] RouteDefinition inventory-service applying {_genkey_0=/api/inventory/**} to Path
2026-01-17 06:58:20,040 DEBUG org.springframework.cloud.gateway.route.RouteDefinitionRouteLocator [main] RouteDefinition inventory-service applying filter {redis-rate-limiter.replenishRate=100, redis-rate-limiter.burstCapacity=200, key-resolver=#{@ipKeyResolver}, requestedTokens=1} to RequestRateLimiter
2026-01-17 06:58:20,041 DEBUG org.springframework.cloud.gateway.route.RouteDefinitionRouteLocator [main] RouteDefinition inventory-service applying filter {} to JwtValidation
2026-01-17 06:58:20,041 DEBUG org.springframework.cloud.gateway.route.RouteDefinitionRouteLocator [main] RouteDefinition inventory-service applying filter {redis-rate-limiter.replenishRate=100, redis-rate-limiter.burstCapacity=200, key-resolver=#{@ipKeyResolver}} to RequestRateLimiter
2026-01-17 06:58:20,042 DEBUG org.springframework.cloud.gateway.route.RouteDefinitionRouteLocator [main] RouteDefinition matched: inventory-service
2026-01-17 06:58:20,042 DEBUG org.springframework.cloud.gateway.route.RouteDefinitionRouteLocator [main] RouteDefinition notification-service applying {_genkey_0=/api/notifications/**} to Path
2026-01-17 06:58:20,042 DEBUG org.springframework.cloud.gateway.route.RouteDefinitionRouteLocator [main] RouteDefinition notification-service applying filter {redis-rate-limiter.replenishRate=100, redis-rate-limiter.burstCapacity=200, key-resolver=#{@ipKeyResolver}, requestedTokens=1} to RequestRateLimiter
2026-01-17 06:58:20,043 DEBUG org.springframework.cloud.gateway.route.RouteDefinitionRouteLocator [main] RouteDefinition notification-service applying filter {} to JwtValidation
2026-01-17 06:58:20,044 DEBUG org.springframework.cloud.gateway.route.RouteDefinitionRouteLocator [main] RouteDefinition notification-service applying filter {redis-rate-limiter.replenishRate=50, redis-rate-limiter.burstCapacity=100, key-resolver=#{@ipKeyResolver}} to RequestRateLimiter
2026-01-17 06:58:20,044 DEBUG org.springframework.cloud.gateway.route.RouteDefinitionRouteLocator [main] RouteDefinition matched: notification-service
2026-01-17 06:58:20,047 DEBUG org.springframework.cloud.gateway.filter.GatewayMetricsFilter [main] New routes count: 6
2026-01-17 06:58:20,048 INFO com.ecommerce.gateway.ApiGatewayApplication [main] Started ApiGatewayApplication in 2.17 seconds (process running for 2.38)
2026-01-17 06:58:36,890 WARN org.springframework.boot.actuate.data.redis.RedisReactiveHealthIndicator [boundedElastic-1] Redis health check failed
org.springframework.data.redis.RedisConnectionFailureException: Unable to connect to Redis
	at org.springframework.data.redis.connection.lettuce.LettuceConnectionFactory$ExceptionTranslatingConnectionProvider.translateException(LettuceConnectionFactory.java:1805)
	at org.springframework.data.redis.connection.lettuce.LettuceConnectionFactory$ExceptionTranslatingConnectionProvider.getConnection(LettuceConnectionFactory.java:1736)
	at org.springframework.data.redis.connection.lettuce.LettuceConnectionFactory$SharedConnection.getNativeConnection(LettuceConnectionFactory.java:1538)
	at org.springframework.data.redis.connection.lettuce.LettuceConnectionFactory$SharedConnection.lambda$getConnection$0(LettuceConnectionFactory.java:1518)
	at org.springframework.data.redis.connection.lettuce.LettuceConnectionFactory.doInLock(LettuceConnectionFactory.java:1478)
	at org.springframework.data.redis.connection.lettuce.LettuceConnectionFactory$SharedConnection.getConnection(LettuceConnectionFactory.java:1515)
	at org.springframework.data.redis.connection.lettuce.LettuceConnectionFactory.getSharedReactiveConnection(LettuceConnectionFactory.java:1224)
	at org.springframework.data.redis.connection.lettuce.LettuceConnectionFactory.getReactiveConnection(LettuceConnectionFactory.java:1099)
	at org.springframework.data.redis.connection.lettuce.LettuceConnectionFactory.getReactiveConnection(LettuceConnectionFactory.java:130)
	at reactor.core.publisher.MonoSupplier.call(MonoSupplier.java:67)
	at reactor.core.publisher.FluxSubscribeOnCallable$CallableSubscribeOnSubscription.run(FluxSubscribeOnCallable.java:228)
	at reactor.core.scheduler.SchedulerTask.call(SchedulerTask.java:68)
	at reactor.core.scheduler.SchedulerTask.call(SchedulerTask.java:28)
	at java.base/java.util.concurrent.FutureTask.run(FutureTask.java:317)
	at java.base/java.util.concurrent.ScheduledThreadPoolExecutor$ScheduledFutureTask.run(ScheduledThreadPoolExecutor.java:304)
	at java.base/java.util.concurrent.ThreadPoolExecutor.runWorker(ThreadPoolExecutor.java:1144)
	at java.base/java.util.concurrent.ThreadPoolExecutor$Worker.run(ThreadPoolExecutor.java:642)
	at java.base/java.lang.Thread.run(Thread.java:1583)
Caused by: io.lettuce.core.RedisConnectionException: Unable to connect to redis/<unresolved>:6379
	at io.lettuce.core.RedisConnectionException.create(RedisConnectionException.java:78)
	at io.lettuce.core.RedisConnectionException.create(RedisConnectionException.java:56)
	at io.lettuce.core.AbstractRedisClient.getConnection(AbstractRedisClient.java:350)
	at io.lettuce.core.RedisClient.connect(RedisClient.java:215)
	at org.springframework.data.redis.connection.lettuce.StandaloneConnectionProvider.lambda$getConnection$1(StandaloneConnectionProvider.java:112)
	at java.base/java.util.Optional.orElseGet(Optional.java:364)
	at org.springframework.data.redis.connection.lettuce.StandaloneConnectionProvider.getConnection(StandaloneConnectionProvider.java:112)
	at org.springframework.data.redis.connection.lettuce.LettuceConnectionFactory$ExceptionTranslatingConnectionProvider.getConnection(LettuceConnectionFactory.java:1734)
	... 16 common frames omitted
Caused by: java.net.UnknownHostException: Failed to resolve 'redis' [A(1), AAAA(28)] after 6 queries 
	at io.netty.resolver.dns.DnsResolveContext.finishResolve(DnsResolveContext.java:1097)
	at io.netty.resolver.dns.DnsResolveContext.tryToFinishResolve(DnsResolveContext.java:1044)
	at io.netty.resolver.dns.DnsResolveContext.query(DnsResolveContext.java:432)
	at io.netty.resolver.dns.DnsResolveContext.access$700(DnsResolveContext.java:66)
	at io.netty.resolver.dns.DnsResolveContext$2.operationComplete(DnsResolveContext.java:500)
	at io.netty.util.concurrent.DefaultPromise.notifyListener0(DefaultPromise.java:590)
	at io.netty.util.concurrent.DefaultPromise.notifyListeners0(DefaultPromise.java:583)
	at io.netty.util.concurrent.DefaultPromise.notifyListenersNow(DefaultPromise.java:559)
	at io.netty.util.concurrent.DefaultPromise.notifyListeners(DefaultPromise.java:492)
	at io.netty.util.concurrent.DefaultPromise.setValue0(DefaultPromise.java:636)
	at io.netty.util.concurrent.DefaultPromise.setFailure0(DefaultPromise.java:629)
	at io.netty.util.concurrent.DefaultPromise.tryFailure(DefaultPromise.java:118)
	at io.netty.resolver.dns.DnsQueryContext.finishFailure(DnsQueryContext.java:348)
	at io.netty.resolver.dns.DnsQueryContext$5.run(DnsQueryContext.java:290)
	at io.netty.util.concurrent.PromiseTask.runTask(PromiseTask.java:98)
	at io.netty.util.concurrent.ScheduledFutureTask.run(ScheduledFutureTask.java:153)
	at io.netty.util.concurrent.AbstractEventExecutor.runTask(AbstractEventExecutor.java:173)
	at io.netty.util.concurrent.AbstractEventExecutor.safeExecute(AbstractEventExecutor.java:166)
	at io.netty.util.concurrent.SingleThreadEventExecutor.runAllTasks(SingleThreadEventExecutor.java:470)
	at io.netty.channel.nio.NioEventLoop.run(NioEventLoop.java:569)
	at io.netty.util.concurrent.SingleThreadEventExecutor$4.run(SingleThreadEventExecutor.java:997)
	at io.netty.util.internal.ThreadExecutorMap$2.run(ThreadExecutorMap.java:74)
	at io.netty.util.concurrent.FastThreadLocalRunnable.run(FastThreadLocalRunnable.java:30)
	... 1 common frames omitted
Caused by: io.netty.resolver.dns.DnsNameResolverTimeoutException: [39905: /192.168.1.1:53] DefaultDnsQuestion(redis. IN AAAA) query '39905' via UDP timed out after 5000 milliseconds (no stack trace available)
